1

                                             * * * * * * * * *  L H S  * * * * * * * * *

                                             LATIN HYPERCUBE AND RANDOM SAMPLING PROGRAM

                                             * * * * * * * * * * * * * * * * * * * * * *


    Run on  3/22/26 at  1:26: 3.36 with LHS Version: 2.30 Release 1, Compiled May 31, 2001        


0    Pecos::LHSDriver

    Random Seed =       54321

    Number of Variables =   7

    Number of Observations =   50
0   The sample was written to the file: LHS_samples.out
0   Input was read from the file: 
1

    Pecos::LHSDriver                                                                                                             

    VARIABLE  DISTRIBUTION          RANGE            LABEL
0       1        UNIFORM    1.000E-02 TO   1.00                                                        
0       2        UNIFORM    -1.00     TO   1.00                                                        
0       3        UNIFORM    -1.00     TO   1.00                                                        
0       4        UNIFORM    -1.00     TO   1.00                                                        
0       5        UNIFORM    -1.00     TO   1.00                                                        
0       6        UNIFORM    -1.00     TO   1.00                                                        
0       7        UNIFORM     0.00     TO   1.00                                                        
