 $ LHS File Format Version 1.00 
$
$ This LHS run was executed on  5/18/26 at  4:28:54.86
$ with LHS Version: 2.30 Release 1, Compiled May 31, 2001        
$ The run title was:
$ Pecos::LHSDriver
$
$ Message output file for this run: LHS_distributions.out
$
$ Input file(s) for this run: 
$
$ Point Values for the distributions follow:
$
$ All point values represent mean values that
$ were calculated from the actual LHS sample.
$
    Uniform1              5.5001873E-01
    Uniform2              1.2912110E-05
    Uniform3             -3.9459759E-05
    Uniform4              5.8019983E-06
    Uniform5             -2.1740974E-05
    Uniform6              4.9995323E-01
$
@UNCERTAINTY
  @OBSERVATIONS    500
  @VARIABLES      6
    Uniform1:          
    Uniform2:          
    Uniform3:          
    Uniform4:          
    Uniform5:          
    Uniform6:          
@SAMPLEDATA
           1           6  0.581532078421023       0.688004442142323     
 -0.168468985408544       0.556027429841459      -0.697268433024175     
  0.338133570471779     
           2           6  0.504820287426189      -0.302386336588301     
 -0.523007819657214       4.443702649511394E-002  0.383526418211870     
  0.716144294850994     
           3           6  0.914797300886083      -0.158240307723172     
 -0.280392688344233      -0.528342607534490       0.178212280016392     
  0.830660994870123     
           4           6  0.857513192499802       0.446691771644168     
  0.754942808561027       0.779580270264298      -0.582104290979914     
  0.561638598901220     
           5           6  0.397680981359212      -0.914749919373542     
 -0.341720583138056       0.123272568462417      -0.368801485604607     
  0.637773513779044     
           6           6  0.126375718773296      -0.824835977269337     
 -0.407884181926958       0.445837883422151       0.566742948676459     
  0.892595206784550     
           7           6  0.236181015255162      -0.767460230944678     
 -0.306132552038878      -0.995350816643797       0.262757030933164     
  0.228790185129270     
           8           6  0.185843706258247       0.403282495868392     
  0.140097163041122       7.955073169339455E-002 -0.319196995477192     
  0.741817086410709     
           9           6  0.767365429672645      -0.769651314396411     
 -0.691646913529374      -0.945313118880615       0.865863805052824     
  0.772263176426291     
          10           6  0.101673308955971      -0.994259676266462     
 -0.746044779294170      -0.424659943731502      -0.361820341069251     
  0.322806247376837     
          11           6  0.483549824427487      -0.999583582144231     
 -0.573018444145098      -0.906520625174046       0.716330439496785     
  0.362878080768511     
          12           6  0.480615983139025      -0.786053898413666     
  0.445424500045366      -0.497275257486850       0.465438828629442     
  0.571556028205901     
          13           6  0.941867597628944      -0.844706127576530     
 -0.346832492924295       0.367559982225299      -0.456944720992818     
  0.348915073423646     
          14           6  0.742520379596855       0.215500628326088     
  0.708135851197876      -0.400670165550895       0.182457843718119     
  0.539429448442068     
          15           6  0.810022365102917      -0.970274185860529     
 -0.476252778630704      -0.367484859472141      -0.613920832453296     
  0.534227941797581     
          16           6  0.527375872253440      -0.923644974832423     
  0.981763947349042      -0.512141154902987      -0.491892346396111     
  0.277614639977925     
          17           6  0.458377932131011       9.224660563748333E-002
 -0.923431427940726       0.264597413508221      -0.426351314994507     
  0.249324668854941     
          18           6  0.794842666534567      -0.143460859306157     
  0.240844322472811       0.949960948250256      -0.286927769378759     
  0.485811873295810     
          19           6  0.109071567093628      -0.894473997912370     
  3.085150082781918E-002  0.739349269702099       0.275721050547436     
  4.408521896274760E-002
          20           6  0.656498552048579       0.875004893146455     
 -0.598376740525477      -0.940098561115563       9.238821430969990E-002
  0.200536519218702     
          21           6  0.429007306784065       0.779882293730043     
 -0.812759921565652      -0.300493928767741       0.277226044484414     
  0.602882953550667     
          22           6  0.817422910410911      -0.582820886830799     
  0.198649746533483      -0.312138021166436      -8.667234288528558E-002
  0.492081632345915     
          23           6  0.353599159101257      -6.505764333065589E-002
  2.175046493392441E-002  2.837804324924953E-002 -0.506287843815982     
  0.220291959115770     
          24           6  0.305879220915213      -0.917586437390186     
  0.747934569105506      -0.851750868903473      -0.119590598356910     
  0.199507589886431     
          25           6  0.754332577362191      -0.201408095672727     
  2.684355604834865E-002 -0.176347135182470       0.878900139095262     
  0.966232688357588     
          26           6  0.497280008707941      -4.811249245330684E-002
  0.285756440653466      -0.283006452111527       0.389487644659355     
  0.314855230592657     
          27           6  0.307676368802926      -0.762223364342004     
  0.935435468615964      -0.872822964020073       0.676228160428815     
  0.105319247297477     
          28           6  0.998929684338858      -0.756808781131171     
  0.103212236732245       9.996867742668836E-002  0.253508850174025     
  0.271710876788944     
          29           6  0.533667682309262      -0.690148887057789     
 -0.328904801136814      -0.406119474718347      -0.501635737611912     
  0.119039588751737     
          30           6  0.957924839112721      -1.136849433090537E-002
  0.170895415157080       0.330936517744325       0.750442762659863     
  0.519893573228736     
          31           6  0.882519153613551       0.417929869984277     
  0.991463075761683      -0.353194482075050       0.159113157831132     
  0.930327880257741     
          32           6  0.131273058118811       0.947038499351591     
 -0.538627671129070       7.400025063101201E-002  0.544443189716898     
  0.332495302847587     
          33           6  0.238411161143798       0.167224997554906     
 -0.481714515650645       0.145266642359086       0.880201412346214     
  0.712203051208984     
          34           6  0.440988341745501       0.500903458305635     
 -0.826652274198830      -0.758859315892682       0.734003126926720     
  0.800494344812352     
          35           6  0.812179029910034      -0.209278925044462     
 -0.224669926400296      -0.181801081996411      -0.804687681625597     
  0.291085840723477     
          36           6  0.699109958261577       0.108810674550012     
  6.195378494728354E-002 -0.889633760808967       0.355468455963768     
  0.380878632494714     
          37           6  0.867990158817684      -0.942345556181855     
  0.922598839733749       0.749872914466076       0.712180638279766     
  0.354744914015289     
          38           6  0.571130510861008       0.316859979149886     
  0.936298606705852       0.505525329369120      -0.649173794728704     
  0.945028749036603     
          39           6  0.229437923888396      -0.909011201066896     
  0.384658703435212      -0.150871908906847      -0.495218815431930     
  0.182241753800306     
          40           6  0.541683063305775      -0.588805939744227     
  0.120474071405828      -0.760796150386333      -0.185976421644911     
  0.783226105991285     
          41           6  0.274077117605973       0.979960444511846     
  0.900506224197336      -0.221448552685790      -0.667301252909005     
  0.262981474431232     
          42           6  0.965403510431526      -8.543134509120132E-002
  0.537370768403634      -0.292164670432918      -8.154537270124995E-002
  0.319056313336827     
          43           6  0.892488092992268      -0.890528068656102     
 -0.400626451088116      -0.665674144137651       0.122310011425056     
  0.208748426856939     
          44           6  0.509627100090543      -0.732536073367111     
 -0.453727929057553      -0.935983475377783      -0.828400726371445     
  0.605191967629828     
          45           6  0.875122546499595      -3.623662724718457E-002
  0.600260928276926      -0.693133918474428       0.575117613333277     
  0.566427032655105     
          46           6  0.376817202589288       0.535812498552725     
  0.136885995446705      -0.704908774035983      -5.709230351168659E-002
  0.490857563589700     
          47           6  0.383399182345439       0.488590280489065     
 -0.175480289120227      -0.382970923566260       0.221485158837400     
  0.748191849356983     
          48           6  0.320167892632773      -0.188033333836123     
 -1.665989495348186E-002 -0.212509899386205       0.743550452706404     
  0.537070583145600     
          49           6  0.575044089239184       0.431141826406121     
  0.574558925570920       3.379436245840051E-002 -0.732490679207258     
  0.795771661528386     
          50           6  0.983683885237202      -0.505261820593849     
  0.411922923290171      -1.912203350104447E-003  0.508395467351191     
  0.916466556561645     
          51           6  0.404300146283396       0.674496722579934     
 -0.187554818252102       0.921557655833662      -0.898355909435078     
  0.724406239254400     
          52           6  0.557675991954422      -0.239984703018330     
  0.245845972361043      -0.845621041733772      -0.531652535226196     
  0.422566646526568     
          53           6  0.310327482547518      -0.798321984711103     
  0.644243840322830      -0.949632499201223       9.702483362145720E-002
  0.946635378011037     
          54           6  0.904630322936177       0.601568273741752     
  0.342078459702432      -0.824949146786705      -0.452133774410002     
  0.866104818712920     
          55           6  0.288583865047991       9.903291419614124E-002
 -0.272427846440114       0.887108350722119       0.439227289489470     
  0.726411787402816     
          56           6  0.644846874426538      -0.432868370039388     
 -0.663792168535292       0.142554713539779       7.766462967265397E-002
  3.995459349732846E-002
          57           6  0.520020593077829      -0.389278513208963     
 -0.895097145886160      -0.735661249713041      -0.173235338114202     
  8.574908793438226E-003
          58           6  0.623562201409275       6.399503605533408E-002
 -0.558964042607695       2.656014632433656E-002 -0.994567991314456     
  0.508420174210332     
          59           6  0.216826700569084      -0.103906498741358     
 -0.620562936626375       0.377100892202929       0.858358292658813     
  0.999832953046076     
          60           6  0.114087585037109       0.232862564671785     
  0.191185701854527       0.102980811100453       0.635590728701092     
  0.812531189985108     
          61           6  0.531990063712699      -0.561921673464589     
 -0.655799393227324       8.307237734645612E-002 -0.549386132637970     
  0.872784295071382     
          62           6  0.456476887558633      -5.148702695965790E-003
 -0.239779745713808       0.896480968074873       6.832503483444463E-002
  0.926418441392481     
          63           6  0.373417404791201       0.322722903381102     
 -6.805849743727588E-002  0.393769894137047      -7.310901518072932E-002
  0.507584068983328     
          64           6  0.598737384964433      -0.169318876355886     
  0.230704775748774      -0.236409139662981       0.124207446240820     
  9.315670615714043E-002
          65           6  0.819093624592852      -0.788927644377574     
  0.665915597303771      -0.487105192971416       0.453226015971042     
  0.950203195200302     
          66           6  0.813249868451059       0.191541152753867     
 -0.339390552611090       0.402676999552176       0.468425945631228     
  0.470912179890554     
          67           6  0.316690927694738      -5.899329416174437E-002
  0.620671749883331      -0.411348781754263       0.553145808259957     
  0.853231960263569     
          68           6  0.885487027754867      -0.556349886197597     
  0.116249943829142       0.439971221270040      -0.676222119302489     
  0.427044396612328     
          69           6  0.975453550158255       0.170520616012625     
 -0.361223604391329       0.532699795288034       0.538879101758823     
  0.862158761044499     
          70           6  0.782597282416886      -0.598815647946671     
  0.406872033950873       7.999450453556989E-003  0.249458137696609     
  0.786083380598575     
          71           6  0.318248986234376      -0.884811367365532     
  0.336861155531369      -0.466148871604353       0.108639070717618     
  0.239190242365468     
          72           6  0.179075468246965      -0.545303540558554     
  0.496603011762723      -0.542252328766510      -4.737369213625786E-002
  0.128901254064403     
          73           6  0.934208925835555      -0.495420302619226     
  0.124710317681544       0.646729147444479       0.686250988949090     
  0.351256560734939     
          74           6  0.491193548657279       0.834001138374209     
 -0.724378225622699       0.162252154582180      -0.748425924053416     
  0.215308503028005     
          75           6  0.426073839058587       0.631832815659233     
  0.993697261755355       0.276966007342562       0.821258212775923     
  8.492776585603133E-002
          76           6  0.707929195594974      -0.741879788435996     
 -0.625988828198053      -0.144378527302295      -0.600765312510543     
  0.230513278422877     
          77           6  0.789029561803583      -0.875896028906107     
 -0.666512583313510      -0.100996780332178       7.984298095107256E-004
  0.212744851639494     
          78           6  0.962945803585229       9.690748702734675E-003
  7.860354897473010E-002 -0.708376509636641      -0.708644704300910     
  0.171982550182380     
          79           6  0.977008234732505       0.609322590718977     
 -0.425821073934436       0.524215941399336      -0.979230027239770     
  0.569034748837818     
          80           6  0.145524704299588      -0.278610605982132     
  0.693343275510706       0.731841966244392       0.625886319947429     
  0.409751703555696     
          81           6  0.539329887792515      -3.413910204172133E-002
 -0.799248048281297      -0.613372081123292      -0.758769618458115     
  0.191791790234856     
          82           6  0.214657266058633       8.394424487557273E-002
 -0.200669568195008       6.205735542718327E-002 -0.133711937319487     
  0.656097043521702     
          83           6  0.807414043436199       0.572503620915115     
  0.160697512032464       5.449148101359613E-002 -0.888816640046425     
  0.840587289305404     
          84           6  0.183386052422039      -9.000085895229126E-002
  0.520271349191666       0.811120444495231      -0.957572634436190     
  0.779659884443507     
          85           6  0.868723431519279      -0.985494464960881     
 -0.358145261581056       0.757525777586736       0.691629702968523     
  0.504665812628809     
          86           6  0.631440557623887      -0.806610919514671     
 -0.960554813026451      -0.843192344447598      -0.574173978932202     
  3.275909193325788E-003
          87           6  0.702603147177026       0.650283406219445     
 -0.944372590815648       0.200778194603510       0.828475323797204     
  0.334453130892944     
          88           6  0.264949591246201      -0.772429738764651     
 -3.921195182204251E-002 -2.550022791884843E-002  0.207655520347878     
  6.910725401015953E-002
          89           6  0.950014893776970       0.504127495295368     
 -0.838434865413234       0.839603725424968       0.283927907859907     
  0.635228540993761     
          90           6  0.292470706984401      -0.376304945502430     
  8.376795550622052E-002  0.623606369244866      -0.259424632530659     
  0.142450388176832     
          91           6  0.863001658438100      -0.455252342831343     
  0.463377954293974      -0.808103922998533      -0.980796436207369     
  0.876963746697176     
          92           6  0.367307072413107       0.938415256148204     
  0.311058042285964      -0.347307005240582       0.819824247693643     
  0.649936467651278     
          93           6  0.695209147697035      -0.445564928028732     
  0.946955227415077      -8.330991420615463E-002 -0.960280180483125     
  0.578520318617113     
          94           6  0.272003541207314       2.983112316299241E-002
 -0.103225977588445      -0.690431188627146       0.197501317369752     
  0.627452843656298     
          95           6  0.463476628587768       0.290622761506587     
 -0.753732589068823       0.232512233848684      -0.535991355742328     
  0.860308870481793     
          96           6  0.222219038605597      -0.121821817968041     
 -0.801863850065507      -0.155873643990606      -0.304050106251612     
  0.327418535521254     
          97           6  0.774469852191163       0.906735572793521     
  0.592042105564848      -0.138125335726887      -0.717504184965976     
  0.685459036366083     
          98           6  0.156928769780649      -0.232347340284847     
  0.774606304429472      -0.252496526326984      -0.597976362914778     
  0.919983548010699     
          99           6  0.668647810842330       0.340940319403075     
 -0.518343910450116       0.581151174340397       0.763027352910489     
  9.914788073301316E-002
         100           6  0.647043654882256       0.516472430503927     
  0.369842223665677       0.743337851611897       0.417526917531155     
  0.869750481103547     
         101           6  0.280956609802414      -4.555872526206073E-002
  0.269204956551082      -6.796161912102250E-002 -0.588035067401826     
  0.512931272450369     
         102           6  0.169702633624198       0.704160741651431     
 -0.795656227047555      -0.326440813559107      -0.155485337655060     
  0.186901714859996     
         103           6  0.420963279208960       6.152603684924651E-003
  0.833171154154465      -0.968694161174819      -0.235542045972310     
  0.370334054087289     
         104           6  0.778918366021942      -0.249145585089922     
  0.662929225319997       0.363588181941770      -0.381512683323584     
  0.734288679510821     
         105           6  0.643395117283007      -0.607252500975505     
  0.220416142763570       0.370086580629461      -0.822212754132226     
  0.654079724374227     
         106           6  0.381691310346453      -0.639451451486908     
 -0.779440305900760       0.903567389672622       0.665851627430879     
  2.087823720555753E-002
         107           6  0.571653566767136      -0.809983987617306     
 -0.250736066048965      -0.938620838338509      -0.440526772073470     
  0.306556746332906     
         108           6  0.710680077187577       0.995906402491964     
  0.800898892248049       0.421064900480211      -0.786688805536367     
  0.116029285906348     
         109           6  0.823223447092064       0.524821876275353     
  0.784284665673040      -0.700476469292305      -0.108404700942337     
  0.912358222109266     
         110           6  0.175251222720928       0.658956223843619     
  0.344067331505008       0.642242635457777       0.241396253427490     
  1.791943771438673E-002
         111           6  0.835068037482025       0.153956508738920     
  0.395760944264010      -0.814349860569462       0.516310202574357     
  0.629802547722124     
         112           6  0.300587603370659      -0.645675680371001     
  0.679506361792795      -0.635708765270188       0.775425181314349     
  0.443740443860181     
         113           6  0.198418372675916      -0.295891753832810     
 -0.535975931520574       0.337396827788092      -0.769381850299425     
  0.543394862360321     
         114           6  0.380291437982349      -0.130216184696183     
 -0.277868745600805      -0.736762853142805       0.849611480840482     
  0.839247162318323     
         115           6  0.191313440342387       0.514751051589847     
  0.335470925007016       0.165976335346699      -0.445808536869474     
  0.963451740590855     
         116           6  0.799771714782389       0.739734100930393     
  0.317487256175838      -0.929127743091434       0.497069079175591     
  0.761681953480002     
         117           6  0.637140120633924       0.661488980707713     
 -0.459339265712537       0.465644042578526       2.755501811951411E-002
  0.988811947208364     
         118           6  0.560043818491278       0.553164210452698     
  0.563754164936952       0.792215054351836      -0.537964835208841     
  0.686931286622305     
         119           6  0.203674185357848       0.793692799474113     
 -0.884045434336178      -0.246599968740717       0.443766086927615     
  0.388932173667941     
         120           6  0.487126678182837      -0.665502071462572     
  4.474377406109120E-002 -0.463044316786341       0.556093399140984     
  0.236253123876173     
         121           6  0.785394682958955       0.971799141895026     
 -9.374117725435638E-002 -0.958991653491743      -0.628751764360815     
  0.774972021738999     
         122           6  0.143215098937834       0.529400037667714     
  0.106454449188896      -0.337266793875955       0.550088992920704     
  0.252648526082747     
         123           6  0.931962203631597       0.576250014534220     
 -8.819496639166025E-002 -0.169324685407802       0.711206838350743     
  0.953132367803250     
         124           6  0.756991569113824       0.751820510325953     
 -0.367426733502187       0.149540800169111       0.200404422547668     
  0.563505880299490     
         125           6  0.245473030027375       0.311423088272102     
  0.672862449972890       0.955913792624138      -0.431274059987627     
  0.217136295443866     
         126           6  0.547507437726855       0.593746473432519     
  0.892702979614958       0.263726198232733      -0.561388761303388     
  0.552305082142819     
         127           6  0.627946359806834       6.548196226544678E-002
 -0.638497000959702       0.985560179256834      -0.985795370871201     
  0.665996397442650     
         128           6  0.942466861790744      -0.362962970386259     
  0.129611648201011       0.578175318869762       0.746640941657126     
  0.992934782262426     
         129           6  0.794784764285851       0.941347109592520     
  0.789239391556010       0.804291698498651       0.579265292759985     
  0.481619018940255     
         130           6  0.724809094096953       0.338966638904996     
 -0.389581442979164       0.919114330974408       0.175120176737197     
  4.801075140479952E-002
         131           6  0.877999385133386      -0.707676448831335     
  0.927779762177728       0.947333532928489       0.428648623268120     
  7.535892451740801E-002
         132           6  0.709830152618792      -0.355091500245035     
 -0.676231819907203       0.660515214136802      -0.473805073632859     
  0.120380657818168     
         133           6  0.464130102387723      -0.417222816455178     
  1.427942679356775E-002  0.181768024174497       0.363252766807564     
  0.475007550723851     
         134           6  0.687545365237677      -0.515330558368005     
  0.812115305661224      -0.987772859868594       2.024377136118716E-002
  0.103095195399132     
         135           6  0.946061436845735       0.466846049697138     
  0.685276226948015      -0.748881556828506       0.754077549816109     
  0.275183268330991     
         136           6  0.682903540017456       3.711932644248073E-003
  0.872387470371090      -0.242130882533267      -0.231702784879133     
  0.616938796841074     
         137           6  0.460352430991735       0.564415323957801     
  0.158411357595585       0.352220233421773      -0.955423506566323     
  0.900485201434232     
         138           6  0.584384656679630       0.370112444718368     
 -8.177908410597590E-002  0.152110232415609       0.756661776322871     
  0.132538313159719     
         139           6  0.844540379134798       0.315201222067699     
  0.917284219866619       0.671732968608849      -0.391562961906195     
  0.955616381692700     
         140           6  0.866289057843294      -0.633123174688779     
  0.440355813320726       0.301895184645429       0.286730561000295     
  0.341736396123190     
         141           6  0.739301962680602      -0.778398420874961     
 -0.586603685543872       0.783040589873679      -0.907514557467774     
  0.194591525390279     
         142           6  0.990671124773007      -0.530735800881870     
 -0.486699597421102       0.453966652528383       0.615934996123426     
  0.294045990346000     
         143           6  0.505997622488998      -0.724987007642165     
  0.261845278288238       0.702619753331877       0.168806980649009     
  0.393938255643006     
         144           6  0.554347654032428       0.664220333615318     
  0.633660412044265      -6.396493588387964E-002 -0.269504225005396     
  7.049206494539977E-002
         145           6  0.257472901447024      -0.883487071391195     
  0.314639154942706       0.138957783750258       0.216570455407724     
  1.537448939029127E-002
         146           6  0.141330352128344       0.921945011982694     
  0.858640975447372       0.928727274917066       0.422375989180990     
  0.745459791223519     
         147           6  0.187191360295145      -0.831241898087785     
 -0.351611557285301       0.257739522759803       0.147846097647213     
  0.565569020950701     
         148           6  0.390984216992557      -0.858947225271724     
 -9.076394089497675E-003 -0.646796362192370       0.669144547533244     
  0.203094564515632     
         149           6  0.872642149084527       0.753125197527930     
  0.490109951453283       0.382094593822956       0.917217273995280     
  0.692212902965956     
         150           6  0.829660174190253       0.915298539519310     
  0.238321830150671      -0.331096922001801       1.042109127715229E-002
  7.618948333244771E-002
         151           6  0.962006610135827      -0.643850478491746     
  0.478664732182398       0.519727023173124       0.326296287405305     
  0.418265245735180     
         152           6  0.967236534683686       0.139744582329877     
 -0.603831159269437      -0.165639897884801      -0.412564832668752     
  0.268525036076084     
         153           6  0.883838586785784       7.924442384950825E-002
  9.201462734024979E-002 -0.618023812567815      -0.879812160674483     
  0.612336840292904     
         154           6  0.330626514780475      -0.962819289045408     
  0.474899571869522       0.767506601725705       5.255706463940446E-002
  0.196612320001703     
         155           6  0.275848219681345       0.523058920176700     
  0.396012848831713      -0.248956444012001      -0.448656423239037     
  0.184636833379511     
         156           6  0.150937666676473      -0.518562834371813     
  0.725700580070727      -1.884689420741048E-002 -0.933724431422539     
  0.710767647318542     
         157           6  0.115421905047307      -0.270892803080380     
 -0.212785849019885       0.639176516905427       0.813939189123921     
  0.990258816623129     
         158           6  0.987839158702269      -0.710682242251933     
  0.807730270354077       0.269456259059720      -0.113243770192377     
  0.856353452451527     
         159           6  0.246227551223990       0.208365066858940     
  0.929683978547342       0.321047804588452      -0.701572545383126     
  0.400060421600007     
         160           6  0.901496762719098      -0.695996141568758     
 -0.708395349441096      -0.226260116322897      -0.167340995970182     
  0.592422392341308     
         161           6  0.858139946510736       5.593964450247579E-002
  0.810205998921767       0.243569661303423       0.328849941672757     
  0.588048454922158     
         162           6  0.270026871768525      -0.410996802574024     
  0.907251409556717       0.924496789512224       0.315549111114815     
  0.336626887010876     
         163           6  0.568836393154971      -0.457533757699653     
 -0.933626275409944       0.292733681038953      -0.545146510021761     
  0.114111183382571     
         164           6  0.254972743350314       0.475551694643684     
 -0.235006990796886       0.206842222752981       0.895727894558571     
  0.632423169355840     
         165           6  0.832298714524368       0.145737390999682     
 -0.177367173994891       0.105301198351197       0.351611269772984     
  0.312425393396523     
         166           6  0.268766721990285      -0.677269753837958     
  0.886056401761249      -0.836635940070264      -0.275472790367901     
  6.676586500741542E-002
         167           6  0.545329764666408      -0.222604180518538     
 -0.986599483887665       0.198799330746755      -9.797627262305464E-002
  0.244537723349873     
         168           6  0.202223480524961       0.762019623862579     
  0.610725570792332       1.729320244211707E-002 -0.325395846069790     
  0.233541486770380     
         169           6  0.854677861011960      -0.266127649704926     
 -0.697388819410466       0.940843884884380      -0.815589598178864     
  0.406952222394291     
         170           6  0.915506559320679       0.684536213326268     
  7.434587496891631E-002 -0.862862789439969       0.292969520771876     
  6.393774000462145E-003
         171           6  0.727716658872925      -0.339291838637553     
  0.851825469969772      -0.335593627002090      -0.836647728353739     
  0.411693197520915     
         172           6  0.211230947017018       0.141017800951377     
 -0.609159428802319       0.171826694795862       0.136128931647167     
  0.630715600842610     
         173           6  0.926503447217494       0.162664521857165     
 -0.903304636742920      -4.822523185890160E-002  0.236246526199393     
  0.125783664426766     
         174           6  0.166536365676997      -0.199137000759132     
 -0.721825195708312       0.500502244976349      -0.171068627609871     
  0.573721592180431     
         175           6  0.240061581214331      -0.399021492100321     
  0.766253143011592      -0.982892324246466      -0.693289928382263     
  6.033727145427838E-002
         176           6  0.365202366809594      -0.463833973851055     
  0.956681522498839      -0.553478885467164      -0.873653336679563     
  0.153185434749816     
         177           6  0.615080869451957      -0.132848603981547     
 -0.808595011721365       4.279383986815821E-002  0.738487220814452     
  0.708778158375993     
         178           6  0.853081210948760      -0.320731327554211     
 -0.436500045356341      -0.922128570337780       0.493517535508610     
  8.246066046459601E-002
         179           6  0.339039292086754      -0.522736698419787     
  0.717710368160158      -0.519599689183757       0.609463265130296     
  8.002329966425896E-002
         180           6  0.649405559124658      -0.980330206007697     
 -0.583450834726915       5.678143242746603E-002  0.641531139343046     
  0.256017850130331     
         181           6  0.758071874132706      -0.401970690704882     
 -0.878263794591650      -0.524888487867080      -0.398544161062688     
  0.583727832652628     
         182           6  0.413836418153346      -0.934300251604989     
  6.593998096324505E-002  0.561389189088717      -0.595131487931125     
  0.763601775946096     
         183           6  0.128662728679087      -0.241437351722270     
  0.413362243309617      -0.279539818477817       0.922869248356670     
  0.975030351872090     
         184           6  0.529281172700692      -0.930107549239881     
  0.232593330396339      -0.622315586480312       0.976143625378609     
  0.251498401815537     
         185           6  0.824280579161551      -0.478353588898666     
 -0.524955276578665       0.600673122693785      -0.739167643819004     
  0.842672301896382     
         186           6  0.919574171003047       0.363400476496667     
  5.185430522542456E-002  0.693993233521469      -0.747080832505599     
  0.286099655600730     
         187           6  0.626122170409188       0.868749382235110     
  0.555554244766012       4.864775087218742E-002 -0.203588724484667     
  0.246840496287215     
         188           6  0.567320307925856       2.273692042101172E-002
  0.195651755548082       0.993234420787543       0.874328544962220     
  4.277158547891304E-002
         189           6  0.586745831840625       0.132792514371686     
  0.526803878834471       0.462117606316693       0.794793618495576     
  0.205826385605149     
         190           6  0.668894056024821       0.549355191764422     
  0.794720091580413      -0.885989871702157       0.974963134431280     
  7.925116550270468E-002
         191           6  0.552610961309913       0.745069023720920     
 -0.706560488598421       0.515856349340640       8.480094079580169E-002
  0.976855991770979     
         192           6  0.262465694311121      -8.246293662209059E-002
 -0.117715582042933      -0.675483594235964      -0.826092835670337     
  0.379680444632657     
         193           6  0.653358670318313       0.381291685599834     
  0.516799751677550      -0.781118213018402      -0.623156137813814     
  0.851280394215137     
         194           6  0.223285145173362       0.784143501918763     
  0.182278082999401       0.814094691587612       0.929081674030982     
  0.641142351753544     
         195           6  0.625244683451764      -0.937768161070533     
  0.910621887261979      -0.659539789633825      -0.266691097518429     
  0.661240165786818     
         196           6  0.117157740249578       0.903550590309315     
 -0.507255717108026      -0.114200425549410      -0.103110221248120     
  0.266065336593892     
         197           6  0.759067919600150      -0.603838406280614     
 -3.103287815116351E-002  0.222112846539356      -0.938015373436734     
  0.928857118315063     
         198           6  0.762701278815372      -0.285512905257754     
 -5.821454539895021E-003 -0.755355196841992       0.231755802199245     
  0.517847637953702     
         199           6  0.123336126138549      -0.448239242789335     
  0.651577147444710      -0.284645086289383       0.366722364306450     
  9.659629437560216E-002
         200           6  0.455970057155425       0.980299147091806     
 -0.729648978956975      -0.722491183525883       0.427014028430916     
  0.483613324792590     
         201           6  0.180041678209370       0.562746713855304     
  4.341979037970312E-002 -0.201346305254847      -0.105188264312223     
  0.281765422248747     
         202           6  0.153653119674278      -0.670534876951948     
 -0.804653824456967      -0.869440927885473       0.525010018504225     
  0.577257849095855     
         203           6  0.660179502579709       0.894713143794797     
 -0.134671694103628       0.869053538665176       0.266135844105855     
  0.311545689885039     
         204           6  0.720980554609094      -0.739083070359193     
 -0.195863211194985       0.483833070250228      -0.516694324502721     
  0.645181229320355     
         205           6  0.155181540125748       0.231397376080044     
  0.373066882624291      -0.718995730715804      -0.634265033255331     
  0.859908110488672     
         206           6  0.659677028940152       0.839227853785269     
 -0.684107266951352      -0.342472237785347      -0.278405327284709     
  0.817691418555100     
         207           6  0.722574439518480      -0.473960244386457     
 -0.464441238256171       0.650804472029209      -0.950903829827905     
  0.172247789475136     
         208           6  0.515727389812889       0.458648083059117     
  0.782556996285915       0.491696328166872      -0.845530349471606     
  0.982775469323155     
         209           6  0.489965251028072      -0.618738153832033     
 -0.741787448203191      -0.207995737747289      -0.564554501692764     
  0.676092176205013     
         210           6  0.225697418747097      -0.366869038730860     
 -0.211620967933908       0.476552709479816       0.805264837984927     
  0.854911806370597     
         211           6  0.443639305641362       0.598431204522960     
  0.738179342387244       0.570095422611572      -0.901708852822892     
  0.476262470345013     
         212           6  0.417971533220494      -1.845260785613212E-002
 -0.542563554084860      -3.082416782807562E-002  0.307348716316745     
  5.323872122913599E-003
         213           6  0.560975307699712      -0.335214302508160     
  0.149793727171607       0.684592166552320       0.341321875425056     
  0.494690080844797     
         214           6  0.887973527904972       0.765176681115292     
 -0.502887827687897      -0.900327367471531      -0.727762813245878     
  0.383522380389739     
         215           6  0.242384939174913      -0.573211513623595     
  0.217454822639003       0.126294361084700       0.970819431204349     
  0.357775966753717     
         216           6  0.494545789200161       0.387282237490639     
  5.421495160274215E-002 -0.218393328847364      -6.240988347120580E-002
  0.463783205575310     
         217           6  0.847861512491247      -0.650021800814196     
 -0.958759353854693      -0.990943273610435      -0.886464078989811     
  0.674470815506764     
         218           6  0.535240906228404       3.264281874429442E-002
  7.153819966409358E-002  0.343023237450980      -0.861011076079682     
  0.139815660011023     
         219           6  0.985050488010002       0.559721201254055     
  0.280476201192476      -0.835376270745881       0.434919359130785     
  0.487310482389294     
         220           6  0.293137787845265      -0.823919591330923     
 -0.695603305087425       0.356823991687037      -4.852023968007413E-002
  0.653615834330209     
         221           6  0.436509830338880       0.807584887326695     
 -0.751695569547825      -0.264835200605914      -0.866412149128504     
  1.943119301833213E-002
         222           6  0.850105541758193       0.453705467754044     
  0.605027789833956       0.333988867652603       3.923197676613932E-002
  0.522490248325281     
         223           6  0.477618597586499       0.348499487802386     
 -0.564494337853976       1.038790248706944E-002  3.480331427417704E-002
  0.177296687578782     
         224           6  0.250082821382675      -0.554143193131313     
  0.302148694422096      -0.258590551445261      -0.663320471103303     
  5.275769843999297E-002
         225           6  0.577957786483737      -0.977284731426276     
  8.751232333295045E-002 -0.140960808309726      -0.636838174480945     
  0.599352769858204     
         226           6  0.594836155284615      -0.966691547399387     
  3.905815708264715E-002 -0.538025463066995       0.728633109264076     
  0.316514713323675     
         227           6  0.635982779555069      -0.394876160928048     
  3.577617095503949E-002  0.574804024741054       0.488643166547641     
  0.985627931518480     
         228           6  0.286907280969387      -5.435616648104036E-002
 -0.372908185731620      -0.883644338837825      -0.587013591405004     
  0.358650925024413     
         229           6  0.948868569151638       0.543738327474333     
  0.208263442112133      -0.272223472076468      -0.180389024788514     
  1.361762385256588E-002
         230           6  0.346551813961659      -0.192925668397918     
 -0.845081047359854      -0.776800580685027       0.184933792749420     
  0.499762306496035     
         231           6  0.641588741991529       0.511938729417510     
  0.588255775913596       0.932471024699509      -7.871272901631887E-002
  0.289282608254347     
         232           6  0.539094941016519       0.963729664900340     
  0.631362594045699      -5.463522370439011E-002  0.769523993299343     
  0.574837030563504     
         233           6  0.474657301030122       0.194540493534878     
 -0.371856558477506      -0.654923889505677       0.589470350079238     
  0.298147668514401     
         234           6  0.610982868452929       0.287403873522766     
 -0.141412764665671       0.274755058297887      -0.220917508230545     
  0.225987659504637     
         235           6  0.149317739264760      -0.263743780895136     
  0.259270984414965      -4.359855957701797E-002 -3.029437670111657E-002
  0.885633825005963     
         236           6  0.939015947553795       0.216284328501672     
  0.438266800295561      -0.418905405058526       0.310011559549719     
  0.278509150567465     
         237           6  0.513031798501592       8.844307026080789E-002
 -0.460466817017645       0.611834033264779      -0.367119507850148     
  0.673068415460642     
         238           6  0.416449189050356       0.802353248338215     
 -0.820561795075424      -0.420086836055852      -0.808677210776135     
  0.544001908782404     
         239           6  0.748029773886735       0.821783505922183     
 -0.313869979046285      -0.598593096544035       0.705007727666758     
  0.621171248088125     
         240           6  0.678199830991123       0.151406526426785     
 -0.999083577391692      -0.676298836281523      -0.213891396460123     
  0.390411310592201     
         241           6  0.218479382072901       0.303648670786060     
 -0.157523336896673       0.682869797255844       0.288226822103374     
  0.914328877078369     
         242           6  0.749917211580509      -0.115921908936463     
 -0.334384932177141       0.867412455042824      -1.002235718071465E-002
  0.415837933350820     
         243           6  0.797687585771736       3.785077885072674E-002
  0.599814861551859      -0.359312224884518       0.119214004707523     
  0.810798048820347     
         244           6  0.917943048907118      -0.780148487719707     
  0.290409088780172       0.844435113948770       0.897830469000153     
  0.163093548754696     
         245           6  0.592558653997537      -2.547200410161166E-002
  0.973649864964187       0.850109298434109      -3.707231447100645E-002
  0.729669527594000     
         246           6  0.324223109471891       0.860596229999326     
 -0.857782846302725      -0.489654973465018       0.346364900579676     
  0.550515151620843     
         247           6  0.768375019463291       0.877533190099523     
 -0.756689980542287       0.387374002804048       0.212088187144138     
  0.258773666660301     
         248           6  0.407940866714809       0.729414921061136     
  0.205871890126728      -1.246313216257844E-002  0.593217964925803     
  0.920036068405025     
         249           6  0.411565425384324       0.332157742438838     
  0.557969282346778      -0.896092588761821       0.460090446013026     
  0.369160978234373     
         250           6  0.410007835085457       0.442663825882599     
  0.652953482423909       0.713615792018361      -0.682909126632847     
  0.131109209549613     
         251           6  0.276720495408820      -6.265119437035171E-002
 -0.240515557641164      -0.397335435908288      -0.944423761575483     
  0.444361010462977     
         252           6  0.650915992417186       0.203675823441707     
  0.504961137999780      -0.998845712651499       0.385466178290546     
  0.395121716367081     
         253           6  0.438593181239860      -0.540440560923889     
  0.292672049470246      -0.917093935587443      -0.405316505227238     
  0.756725469234400     
         254           6  0.418717553424276       0.250234056107700     
  0.173318306316621      -0.628880623701028       0.888588320943527     
  0.625194206797052     
         255           6  0.543821514933417       0.478274707058445     
  0.733573121405207       0.227158038669266      -0.941924903712235     
  0.174201663729269     
         256           6  0.195973036716552       0.391950188454241     
 -0.394089367567562       0.132433490125462       0.658406550684944     
  0.732141843052581     
         257           6  0.302481328061782      -0.182931251356378     
 -0.819044301152229      -0.577494105776772      -0.766489510286599     
  0.882459057694301     
         258           6  0.826872329505207       0.721793517705984     
 -0.966869443033822       0.818227791907266       0.863537975138053     
  0.792372172237374     
         259           6  0.620206442645937       8.530129182338730E-002
 -0.308441544665024       0.894253603029996       0.780168624394573     
  2.696289757918567E-002
         260           6  0.468328599789785       0.653842721171677     
  0.185903739800677       0.768201507089660      -0.345099968394265     
  0.615623135517351     
         261           6  0.838072995891282      -0.280296312008053     
  0.434402608340606      -0.592065711779520       0.985359946113080     
  1.009338082280010E-003
         262           6  0.392559818017762      -0.316213480460457     
  0.179698248541914       0.313900529930368       0.965697275028564     
  0.557166954418179     
         263           6  0.673443049025023       0.816702044295147     
  0.613914066431113      -0.439129193527624      -0.782202903291211     
  0.529975057654548     
         264           6  0.430625063615199       0.460159909307957     
  0.503609164678492      -0.728049094530754       0.320932156942785     
  0.994564541220665     
         265           6  0.576449699428817      -3.139169093314564E-002
 -0.317005174491554      -0.430120211964473       2.841799548082058E-002
  0.300759157521650     
         266           6  0.993428045157203      -0.468099498511292     
  0.266526254735887      -0.450802225832827       0.300749462299980     
  0.405893296703231     
         267           6  0.364085614664759       0.984504621534608     
 -8.555806938558819E-002 -0.507110333650373       0.445961777688935     
  0.681424547052942     
         268           6  0.374040953985229      -0.356378193518147     
 -0.912012960182503      -6.463728844188110E-003 -6.860955318342887E-002
  0.968491938337684     
         269           6  0.715173639506660       0.604680070407689     
 -0.634665018041618      -0.714303595469333       0.246407134042121     
  0.719635280173738     
         270           6  0.879768828977039      -0.674406022580341     
  0.213282547405921      -0.927039935514331       0.645660565462895     
  0.607633622209542     
         271           6  0.693745663988078       0.702620710415766     
  0.668623679967597       0.487689104714431       0.532552008303814     
  0.457145702858921     
         272           6  0.146991599879833       0.392914314473048     
  0.626665002509020       0.912320113606751       0.512097563416697     
  0.704400174456648     
         273           6  0.598220881702052       0.858651455371641     
 -0.739240364962257       0.324554945261218      -0.199824373997748     
  9.114651055680588E-002
         274           6  0.425383723807894       0.849530730820261     
 -2.150731018744412E-002  0.727645127132535      -0.853792872671038     
  0.723937827178743     
         275           6  0.981158413607255       0.115265741023235     
 -0.496413095060736       0.722573699003086      -0.147131438964978     
  0.700750216418412     
         276           6  0.589627177913254       0.636258441648446     
 -0.683639142518863       0.298312555960380      -0.554682991015725     
  0.898545914371964     
         277           6  0.565274519601930      -0.950019991308451     
 -0.628943402714096       0.470607847347855      -0.478635051770136     
  0.720664781186264     
         278           6  0.911884596463712      -0.496727072713897     
 -0.613817166895606       0.553795150091872       0.225423409473151     
  0.907010774923488     
         279           6  0.522123771249223       0.263019906985573     
  0.867802049620077       0.696377013478428       0.825996174395085     
  0.374958696832415     
         280           6  0.588019005601062      -0.162065642587841     
 -0.861709948663600       0.711331944216974      -0.328774664220400     
  0.188763064115308     
         281           6  0.997839485678542       0.798094521870837     
  0.422656317432411       0.310430514624342       0.796978896098211     
  0.145893115101382     
         282           6  0.752165326106595       0.810926809106022     
 -0.765746747273952       0.960016997403465      -0.352683281699195     
  0.264388896729797     
         283           6  0.536528583590267       0.891792114529759     
  0.876050587143749       0.499934676299803       8.324904562998570E-002
  0.454380489612930     
         284           6  0.689927221910330       0.931936703477986     
 -0.433325198906474       0.253294109398499       4.935947795957341E-002
  3.129330007126555E-002
         285           6  0.443997401699936       0.854185135858134     
  0.466697871629149      -0.687045294756070      -0.376264344217256     
  0.137196280714124     
         286           6  0.344270594360074      -0.854261617164128     
  0.364221391579136       0.591184696566314      -0.402095275320113     
  0.688194265659433     
         287           6  0.137345886651427       0.547833999441005     
 -0.991255774307065       0.428227966194972       0.886522868038155     
  0.497700147508644     
         288           6  0.910229578136001       0.620596321822144     
 -0.868687242908403      -0.865688951514661      -5.470359727274621E-002
  0.638750402305741     
         289           6  0.871232035367051      -0.443088156527840     
  0.576107787352055      -0.395857324833982      -0.556393958857283     
  0.450111235126387     
         290           6  0.639466267386964       0.470581430564635     
 -0.657904966560192      -0.454160907836631       0.648454134059139     
  0.146217765254900     
         291           6  0.296211334767612      -0.680886056605726     
 -0.606704580049962       0.388463310258463      -0.238700511886738     
  0.979246698805597     
         292           6  0.969648360130284       0.198742122603580     
 -0.353714661379345      -0.774860593022779       0.660941312558949     
  0.642856317020487     
         293           6  0.713607623758539       0.438115416265093     
  0.458195369198918       0.880863514020108      -3.469822853151716E-002
  0.797163854438812     
         294           6  0.738762326366687      -0.878112810501829     
  0.619946637898684       0.754003897428513       0.808818692880683     
  0.879084319121670     
         295           6  0.356491746566258      -0.274395354682580     
 -0.297252958628349      -0.567787397301756       0.449645588129759     
  0.699108547726646     
         296           6  0.454416581140971      -0.755064306275919     
  8.948913297057159E-002 -0.563957110985182      -0.728440815214068     
  0.402714921301696     
         297           6  0.618261311083846      -0.952010860822164     
  0.147153114789166       0.678043041689321       0.318931566768326     
  0.804333729791921     
         298           6  0.791051413310971      -0.593481590301730     
  0.353122922538780       1.203033132385456E-002  0.853662910188548     
  0.815345015095547     
         299           6  0.925587664339412      -0.628002343312837     
 -0.325653685155325       0.824540213975124       0.395611642444506     
  0.821747682980727     
         300           6  0.697550520573650       0.991571642763913     
 -5.437641061004250E-002 -0.796406217974611      -0.642454609561712     
  0.469864465198945     
         301           6  0.362384395066323      -0.621970691158436     
 -0.981963154294528       0.246868378551677      -0.332135880067944     
  0.531238132317550     
         302           6  0.922001981978677      -0.817576960545965     
  0.777092192658223      -0.568290405313484      -0.290386431434192     
  0.791558692479041     
         303           6  0.897823235152382       0.257894800646230     
 -0.244710220332257      -0.648500693529844       0.587275755099952     
  0.961072416358627     
         304           6  0.134478952040058       4.471711010672164E-002
  0.325054252560250      -0.574025127547793       0.233245063158684     
  0.803564692445099     
         305           6  0.551694783336995       0.406781041889452     
  0.961378682385199       0.396735220371746      -0.653281643857248     
  0.461160972132813     
         306           6  0.482840814392269       0.173261364504695     
 -0.259575852667913      -0.855960866717622       0.937328812050633     
  0.372144727556966     
         307           6  0.283901936013158       0.100557199088857     
 -0.646701591310091      -0.806480777753517       0.115177730613388     
  0.788398069756571     
         308           6  0.252658340934012      -0.231836128787138     
  0.570956403158605       0.212713194405660       0.680402139741927     
  0.328751764629036     
         309           6  0.200326964064548      -0.215632182768546     
 -0.669636212170124       0.564397395766340       0.778895477696322     
  0.932072046257556     
         310           6  0.744145166704431      -0.656806220280938     
  0.403821793476120      -0.175299234454520      -0.754355462261476     
  0.122481850270182     
         311           6  0.254258624897990       0.844783982080408     
  0.275821129968390      -0.626981501007453      -2.587041961960501E-002
  0.436522835743148     
         312           6  0.608699701545387      -0.570412135973573     
 -0.384620692384429      -0.766640403360128      -0.668468445838429     
  0.941396663400345     
         313           6  0.517507891880022      -0.905605285129510     
  0.362406884349883      -9.267466275673353E-002 -0.657082618316635     
  0.433003014149610     
         314           6  0.469767944179615      -0.254662437939085     
  0.224757795507088       0.287522465123795      -0.773426127973013     
  1.186793414084241E-002
         315           6  0.378627041258011       0.414681124356575     
 -0.772135709412396       8.527394517138598E-002 -9.465563215781003E-002
  0.623553418105468     
         316           6  0.930342389543634      -7.743158665206284E-002
 -0.228808106233366      -3.635684744734324E-002  0.134654430178925     
  0.180005243071821     
         317           6  0.996022256302740      -0.802277205171995     
  0.841425669167191       0.981337677559815       0.907033631296829     
  0.234154360077810     
         318           6  0.218844417171739      -0.730994195569307     
 -0.918390468345955       0.346685857684352       0.990678083612583     
  8.991881580045447E-002
         319           6  0.960180066829873      -0.989151519346051     
  0.482273977818899       0.627330621299334       0.784093657097779     
  0.666223112289328     
         320           6  0.314225271371426      -0.247729160242714     
 -0.733808238158002       0.283256014390849      -0.624712559698150     
  0.818181153422222     
         321           6  0.446204899297282       0.782002900481224     
 -0.880503121793270      -0.520240150515921       0.999693898857571     
  3.610412471322343E-002
         322           6  0.507596128647123      -0.714213589315303     
  0.749605543300510      -0.967321510825306       1.877037617377941E-002
  0.472776465630624     
         323           6  0.654757522505056       0.207187356571667     
  0.114240256478079      -0.580754006638192       6.685764142405248E-002
  0.134390862826724     
         324           6  0.181655253253691      -0.509271290793084     
 -0.302482439395040      -0.198781120616943      -0.604850928636268     
  0.581884378501680     
         325           6  0.556777199985739      -0.117468306792900     
 -0.953644815035164      -3.265235511120412E-002 -0.439188429800793     
  0.924611348095816     
         326           6  0.119071980464691      -0.291211491657421     
 -0.294830254958011      -0.770935733833350       5.980816934257671E-003
  0.255982238164637     
         327           6  0.351870125557762       5.984161814395339E-002
  0.969032012710348      -0.606305520313792      -0.924192622399889     
  0.825152956469450     
         328           6  0.613290652922075      -0.849154081705958     
 -0.162387194898911       2.289438589662307E-002 -0.579528570051305     
  0.996744405611418     
         329           6  0.730640018130885       0.276719066094607     
  0.452552224115468       0.599971056401730      -0.138864570982754     
  5.795438048662618E-002
         330           6  0.563280621585296      -0.654098563428037     
  0.715360729801469      -0.123404064305127      -0.281354492216371     
  0.695465168931056     
         331           6  0.386047168602049       0.451156129695475     
 -0.491156117715873       0.630780789331533      -0.817402951956727     
  0.446692207663320     
         332           6  0.891158259281330      -0.662414004573598     
 -0.973878009272739       0.707804737791419      -0.791010892176069     
  0.260375578698237     
         333           6  0.368348835988203      -0.205918737091124     
  0.485054355278611       0.853180011763238       0.995756212454289     
  5.889168927771971E-002
         334           6  0.747507506117970      -0.340635407830589     
  0.585529583565891       0.584043156715110      -0.618228352026083     
  0.584205183025915     
         335           6  0.314039975020150       0.671807969124988     
  0.838600261054002       0.319530855776742       0.842832836113870     
  0.524867392917629     
         336           6  0.732345377395814      -0.304600618884899     
 -0.939881120531820       0.551822849643417       0.141519920225255     
  0.435446269190405     
         337           6  0.406897567199124      -0.685609745766036     
  0.428645651297644       0.537128388214856      -0.723128739050589     
  0.448594317851122     
         338           6  0.124231467353972      -0.430734847378917     
 -0.528367872190662       0.217859591045417       0.208410401556641     
  0.971433080353774     
         339           6  0.279843866419699       0.770587224458344     
  0.769168896062300       0.131626287909225      -0.158948861607350     
  0.353740854607895     
         340           6  0.233293523576995       0.272957755546086     
  0.881058105926029      -0.477492309733294       0.333615768766031     
  0.595886058101430     
         341           6  0.395654486673092      -4.363103327900164E-002
  0.987078921671025       0.191446763859130       0.163841565371491     
  6.537839774368331E-002
         342           6  0.524592008339986       0.126818303052336     
 -0.198130916138180       0.615396080286242       0.832581207078882     
  0.736431287473068     
         343           6  0.173156455589039      -0.149353779005818     
  0.416235319688916       0.785064147816971      -0.571000823177397     
  0.619318523891270     
         344           6  0.676864893284114      -0.625226629915647     
 -0.674782329292968       3.687989562656724E-002  0.296942586405203     
  0.309767420208082     
         345           6  0.226947259300342       0.494814972752705     
 -6.358509184885763E-002 -0.747498524188995      -0.609944030744024     
  0.910392733063083     
         346           6  0.935599648823030       0.538464030423202     
  5.785855678282692E-002 -0.184514092482626       0.568038804969750     
  0.690180109141395     
         347           6  0.341157586813904       0.264863488490693     
 -0.110792034069076       0.790224561119452       0.269814173582010     
  0.874190095270984     
         348           6  0.630253323323047       0.909375563507900     
  0.277244769007899      -0.263566247949377       0.636360156724230     
  0.464628853027243     
         349           6  0.230673458815739      -0.577032928831875     
  0.860403983152472      -0.910997101898305       0.622124791566283     
  0.696126505044755     
         350           6  0.162769916647300       0.299385573795997     
 -0.833371966190636       0.877220944689587       4.374945364985616E-002
  0.959104002105072     
         351           6  0.716072481439868       0.996043800619431     
 -0.165882009197026       0.991102400328033       0.478839918735437     
  0.541363684560172     
         352           6  0.159057662592037      -0.832717425630428     
  0.869400558890775       0.888534199278802      -2.152128437627110E-002
  0.192605630311184     
         353           6  0.526028241494764      -0.972785658519715     
  0.381935805344954      -0.788413095502183      -0.192782628429122     
  0.888303681624122     
         354           6  0.953151282687299       0.270830586546101     
 -0.549257593337446       0.248705568390898       0.700079682621173     
  0.453683493067976     
         355           6  0.121521357953968      -0.415195221127942     
  0.706374129286967      -0.818927657264285      -0.913355194487609     
  2.452895300975070E-002
         356           6  0.602474624599237      -0.532213110827841     
 -0.218089017614722       0.773591037569568       0.945702327642590     
  7.258707490004600E-002
         357           6  0.370406147679687      -0.350896629255265     
 -0.289432362861000      -7.000167906284327E-002  0.724154530842789     
  0.715286914126947     
         358           6  0.671826864638925       1.580746883433304E-002
  0.307286122648045      -0.587115829539485       0.358366289165802     
  0.759870646829251     
         359           6  0.953611036674911      -0.314215197372250     
 -0.285962839053012      -0.830053638991900      -0.800712895145640     
  0.158321988241281     
         360           6  0.765266035155626      -1.538224682956935E-002
 -0.568484072583728       0.841030692657456       0.980252655560151     
  0.611788634149358     
         361           6  0.248500400953786      -0.749271637581289     
 -0.648310130468570      -0.111808967129327      -0.358818055803887     
  0.886727687229868     
         362           6  0.937851546300249       0.587257594793104     
 -9.679999548476192E-002 -0.972630575961433       0.765608067729510     
  0.658649593858514     
         363           6  0.973470027319621      -0.382056249093264     
 -7.535986436437814E-002  0.831117359041236      -0.964490000431426     
  0.321226532614790     
         364           6  0.691487033018330      -0.899803086842410     
 -0.782072064055130       0.435448511554859      -0.848350610111840     
  0.980359195649158     
         365           6  0.433226725982642      -0.947210900410078     
  0.509632737932727      -0.954980579724535      -0.690689379246905     
  0.798278553267941     
         366           6  0.802402606320986       0.122216426177882     
 -0.561456656477414      -7.669287208560849E-002  0.154631982466206     
  0.425713948253077     
         367           6  0.839837612236477      -0.869114403313957     
  0.820614906093106       0.530004262758419       0.583868040805683     
  0.937345527064987     
         368           6  0.842598408674216      -0.614027733194642     
  0.639224377822131      -0.125978315081447       0.397587344534695     
  0.330463612914551     
         369           6  0.195389226258313       0.433793176214211     
 -0.890901358672418       0.634831020927057      -0.778125804333016     
  0.219432352351956     
         370           6  0.956191920402041       0.176520818999037     
 -2.789629885274925E-002 -0.547671245652251       6.145679733715959E-002
  0.438391342166346     
         371           6  0.666918522522505      -0.464886818093248     
 -0.447752306102775      -0.801154650840908      -0.647870395036414     
  0.986367610146292     
         372           6  0.105635273129167       0.408554245698266     
 -0.474206994977780       9.350345377437774E-002 -0.868557952642441     
  0.742905518723186     
         373           6  0.605943114348128       0.714343001458794     
  0.133049395123497       0.350672304162756      -0.248026501276530     
  0.101131359275896     
         374           6  0.604563014730159      -0.836694909490645     
  0.899340348707512       0.119058797596023      -0.385966866027564     
  0.609683302808087     
         375           6  0.387551605669223       0.379572036286816     
  7.027681078761727E-003  0.508601193506271       0.457526876048185     
  0.770693944248837     
         376           6  0.501511033645971      -7.598349063657217E-002
 -0.594111556309275      -0.792334985303693      -0.741585971709341     
  0.166698590694927     
         377           6  0.777644497509440       0.239219501447864     
  1.113648695312430E-002 -0.132512219965458      -0.338279884285294     
  0.297082493143622     
         378           6  0.923397510977182      -0.368887192098424     
 -0.910845755051821      -0.914745564125478      -0.461073018535972     
  0.500977632853668     
         379           6  0.991351178940758       0.924478315184824     
 -0.412792500055395      -0.963960625079460      -0.421145819896832     
  0.510374692070764     
         380           6  0.583713660565996       0.972303861643188     
 -0.790561613005586      -0.978733816244640       0.596453186540864     
  0.948663834796287     
         381           6  0.107531053862162      -0.104548507559113     
 -0.152046048463322      -0.786954268313944      -0.252048432375304     
  0.943551409366541     
         382           6  0.674936662365869      -0.841290261141025     
 -0.555002845876850       0.974694710505195      -0.970402431390248     
  0.521792770689353     
         383           6  0.326434036019491       7.486679355055093E-002
 -0.263816235968843      -0.368640322744846      -0.892330509844236     
  0.361577931591310     
         384           6  0.968898612292157       0.717618953716010     
  0.940664459571242      -0.299747368915938      -4.291753873974080E-002
  0.554323273252230     
         385           6  0.348313176413486       0.933607448597439     
 -0.223023020324297       0.495246606618166      -0.996809421847574     
  0.387102368788328     
         386           6  0.486741926470213       0.682484241313301     
 -0.547031075132079      -0.661687043946236       0.869659480151720     
  0.430996581467334     
         387           6  0.422603774873959       0.242078794524074     
 -0.928822170398198      -0.269750353343785      -0.705235694191419     
  0.366186423333827     
         388           6  0.735189921082230       0.710842692207545     
 -0.114992549620569      -0.611799388057552       0.800822574146092     
  0.845643299652729     
         389           6  0.354538055679994      -0.500314432122745     
  0.532769609608688       0.210081025068648       0.914465671307408     
  0.746262980351690     
         390           6  0.548716397578735       0.116160028340295     
 -0.188268721370958      -0.231503290432505      -0.310884148400277     
  0.384598526678514     
         391           6  0.664911816905858      -0.111145338574424     
 -0.416683207241818       0.959140562011860      -0.929782648764551     
  0.669766516545787     
         392           6  0.260947400019271      -0.720085717755370     
 -0.323833781756461       0.654500667628832      -0.210436353003606     
  0.156341725869570     
         393           6  0.600697358507477      -0.483862062464468     
  0.426961480602622      -0.637498670933768      -0.342029798470437     
  4.759714492829516E-002
         394           6  0.170290878322115       0.826042155131698     
 -0.149501539121382      -0.726234570944682      -0.320592994679697     
  0.591096740201116     
         395           6  0.233154844461381      -0.536598590633832     
  7.903494676575473E-004 -0.511934082269669       0.723538227287121     
  5.591479870118201E-002
         396           6  0.894791839815676      -9.746088614594184E-002
 -0.378805732247420      -0.589501486633904       0.410750065181404     
  0.420045790540986     
         397           6  0.342232365811244       0.678319951513782     
  0.760372332798317       0.288770198646002       8.873552147019659E-002
  0.160521854618099     
         398           6  0.780418338794447      -0.152343964915723     
  0.844420714463107      -0.483022023993544      -0.408404922734015     
  0.478798724008258     
         399           6  0.877456639684504       0.399861135386862     
  0.997982877735980      -0.549981463564560      -0.908217897101305     
  0.527890806180425     
         400           6  0.906859741116362      -0.702350549203344     
  0.977167272129096      -0.160274769275449       0.256587382930331     
  0.934624752905685     
         401           6  0.104169476008648       0.774820504918694     
  0.357765033878386       0.158516367212869       0.543586958030239     
  0.112972169866785     
         402           6  0.904188472670270      -9.349226410780098E-002
 -3.507238704338678E-002 -0.668121526230127       0.925367063912563     
  0.109229610347189     
         403           6  0.860444766442804      -0.127448089187033     
 -0.969294339317828       0.449167260002345       0.189924001601525     
  0.769718731795438     
         404           6  0.389701669299696       0.743953508565202     
  0.680327064269222      -0.820876819446683      -5.644039558246772E-003
  0.428265914668329     
         405           6  0.769725153394369       0.307721857568249     
 -0.950760462505743       0.967271116314456      -0.918222227822989     
  0.154596252879128     
         406           6  0.176891416504979      -0.745463153333403     
 -0.618964118002914       0.238233543666080       0.955787631592713     
  0.151952697181609     
         407           6  0.400097551696841       4.281260811537502E-002
 -0.786259782756679      -8.811590892728416E-002  0.560684410871938     
  9.542084191273897E-002
         408           6  0.633617190769268      -0.550805843083188     
  0.581641135476530       0.522361260449514      -0.540779432722367     
  0.399174942508340     
         409           6  0.499308157506073       1.818070905003699E-002
 -0.842599073109217      -0.192291525753215       0.838875596571714     
  8.791149115888403E-002
         410           6  0.804459944744455      -0.958979571303353     
  0.201749687864445       0.732917468295433      -0.219680185646750     
  0.240186474781949     
         411           6  0.978752947211359       0.613331522211433     
  0.350304943720810      -0.440498303329572      -0.796538872415200     
  0.905325234486722     
         412           6  0.358008570961887      -2.326376797072593E-002
  0.330864331645891      -0.697429531292059       0.523635187682696     
  0.870943139474839     
         413           6  0.595802736011706       0.966250873196870     
 -0.383687169892713      -0.492587365183979      -0.295763300159946     
  0.106112228289712     
         414           6  0.304728287104377      -0.136386455964297     
 -0.410614054261707      -8.453586459439244E-002 -0.795173249811865     
  0.891452943310607     
         415           6  0.327138072463032       0.183229892908595     
  0.949998213938437      -0.473061314933933       0.105319827686995     
  0.459382523956709     
         416           6  0.141448221509298       0.815748044014909     
 -0.253512027408928       0.616945726883598      -0.712327904714271     
  0.731764872696251     
         417           6  0.888750702178525       0.627341408584267     
  0.155055950574577       0.306883466281928      -0.521702383666299     
  3.366932341922075E-002
         418           6  0.193298835515883      -0.699520810128190     
  0.164143741164356      -0.107195453523658       0.379144594608806     
  0.206492761886213     
         419           6  0.744400193051994      -0.173279327780940     
 -0.904182401455008       0.176624034076929       0.655184939227998     
  0.210157961392775     
         420           6  0.311487849039119       0.644468238681555     
 -0.266354709676467      -2.325317084789280E-002 -0.416673993965611     
  0.847620195704978     
         421           6  0.500054350343952      -0.865071537714452     
 -0.443750859308988      -0.129238827345893      -0.762907709748484     
  0.678879616664723     
         422           6  0.394049255113909      -0.147888624603860     
 -0.510664432084188       0.859610683369450       0.949421057476662     
  0.412240868474822     
         423           6  0.928549679818330       0.948325741446577     
  0.566604484887794       7.095525495894250E-002 -8.930237893201409E-002
  0.739702319633681     
         424           6  0.719074905043002      -0.608653694066219     
 -4.373808103241017E-002 -0.290221275304444      -0.349066664430313     
  0.682387055623345     
         425           6  0.686398126402358       0.581764960994013     
  0.297325698573142      -0.643330677259713       0.933512960419990     
  0.292326885109767     
         426           6  0.188432766225142       0.480566701167263     
  0.819078969354741       0.231225240183063       0.693777922424488     
  0.939927410548087     
         427           6  0.761424259688798       0.830904577184469     
 -4.533776365593067E-002  0.542118794230744       0.673502055578865     
  0.956555298738647     
         428           6  0.450687484767335       0.221270295966417     
  0.702325594431721       0.456785316702910      -0.205441373561509     
  0.670593970196787     
         429           6  0.206854672319070       0.130326840900816     
  0.954341480190866      -0.558067462724634       4.496138173993680E-002
  0.502673708207440     
         430           6  0.971758795882761      -0.421559456909075     
 -0.397491603991948       0.796641638824716      -0.129334364545532     
  0.347206148673780     
         431           6  0.161034264815087      -0.326677666288800     
 -0.864074009655975       0.801997387210839      -0.496489736014977     
  0.324968707859050     
         432           6  0.470955201595230       0.789341167243198     
  0.658827147885226       0.907498497519642       0.336067983435467     
  0.416960135045461     
         433           6  0.647702692039683       0.486819730443880     
 -0.769425880390219       0.115384001865052      -0.435705657972023     
  0.283137833205517     
         434           6  0.266442590354057      -0.900809695094824     
 -0.850953797248192       0.821380544002168      -1.827997346129273E-002
  0.651441918832250     
         435           6  0.827978437213879       0.735378573324531     
  0.493144365254790      -4.503950856253502E-002 -1.559751563612377E-002
  0.646857453445438     
         436           6  0.335237672441313      -6.854151640087358E-002
 -0.206807299735956      -0.118065021336079      -0.972113269020803     
  0.272515311889816     
         437           6  0.111168208502885       0.864187246255577     
  0.759354825634509      -0.743981708520092      -0.834911332552321     
  0.600146272144746     
         438           6  0.493446913624695       0.897388900861144     
 -0.718522045301274      -0.386337496142834       0.192740704699419     
  0.303308900348842     
         439           6  0.836554810268711      -0.259100690535270     
 -0.927131462510675      -7.252572230622167E-002 -0.465062917839736     
  0.488968494906090     
         440           6  0.473087225723453       2.528955586813386E-002
 -0.714286925121211       0.970239425684325       0.481429116984829     
  0.227942258193158     
         441           6  0.801857003586506      -0.387125789931044     
  0.699979116743430       0.111951394955628       7.290419640950874E-002
  3.484579623490573E-002
         442           6  0.401769337463193      -0.219046163778752     
  9.839296898245831E-002 -0.310584992812946       0.909218997594901     
  0.896966498458758     
         443           6  0.846012243241118      -0.374958020752296     
 -0.138386028975248      -0.210750056932680       0.900654389868490     
  0.755504441047553     
         444           6  0.518774005755782       0.698411574006081     
  0.111604346364737       0.172542407589033       0.472771686963737     
  0.781004223588388     
         445           6  0.775166930111963      -0.185529093801975     
  0.547958955365233       0.419410676202737       0.371550915153697     
  0.164063334856648     
         446           6  0.850982396908710      -0.863243149233982     
 -0.942934444441460      -0.534495937136933       0.504466658238321     
  0.706432041456457     
         447           6  0.103402278483519       0.325350738988258     
 -7.981868086755273E-002 -0.413947785039432      -0.511836786019616     
  0.397404931708705     
         448           6  0.130148031946318       0.726641013642773     
  0.321690284238197      -0.379361836043187       0.400356852076017     
  0.834868667073082     
         449           6  0.945461152037187       0.758934665407054     
  1.925733529496942E-002  0.414013021708466      -0.125018828107975     
  0.111590954403393     
         450           6  0.611856082519796      -0.566908163091168     
 -1.280504659377035E-002  0.427734192486852      -6.524763890448948E-002
  0.533741492330562     
         451           6  0.814902495656908       0.843571070539765     
 -0.761214603636414       0.544649464412592      -0.243327180494554     
  0.703637654913589     
         452           6  0.791469225005293       5.092099360283475E-002
 -0.146187132746913       6.593116799555720E-002  0.102620741234161     
  0.972037601852324     
         453           6  0.208048328687856       0.424595242219046     
 -0.449705060599372      -0.500870495989919       0.414301619161852     
  0.178511938331183     
         454           6  0.704074625143735       0.185415375876240     
  0.251518238264136      -0.191884701316245      -0.261508060498163     
  0.364268912438303     
         455           6  0.322024843432382      -0.330823462222703     
 -0.979464648439549      -0.316760342314839       0.405534284330905     
  0.822334902205970     
         456           6  0.786653367886459      -0.927702486773953     
  0.798578472912312       0.473676731963642      -0.482131412243471     
  0.750230364850257     
         457           6  0.683872516824305      -0.795596634063870     
  0.690692808834836       0.666764158479870       0.501991685045883     
  0.964388452793937     
         458           6  0.821524497390957       0.692230560360476     
 -0.703437475890853       0.187030938714743       0.148722071289085     
  0.908911755811889     
         459           6  0.437063244607300      -0.344826381614432     
 -0.898986668059602       0.440268197640777      -0.515935037405230     
  0.548420845627785     
         460           6  0.432734337068442      -0.405232409146614     
 -0.853392398889177      -0.389915118113160       0.167710146726109     
  2.319461058592424E-002
         461           6  0.618719146864116       0.375439723015763     
 -9.145008372143382E-004  0.716660644689575       0.956940323616378     
  0.832304038927890     
         462           6  0.724335952786310      -0.226018228333443     
 -0.512054704835638      -0.235259376553819      -0.141059279962443     
  0.880398998071440     
         463           6  0.729941120617930       0.954738066785037     
 -0.180360972864553      -0.445349269720726      -0.468094331536442     
  0.345628483158071     
         464           6  0.204707645667111       0.617830635326915     
 -0.471616068115458      -0.361084558323026       0.487409958609380     
  0.766837452875916     
         465           6  0.580090504800342       0.917029609176330     
 -6.515764033980664E-002  0.760726889391430      -0.161848309573717     
  0.305469971421175     
         466           6  0.330289118855633       0.252424961450510     
  0.854730269021355      -0.432585653389804       0.600116514503956     
  0.776094498174731     
         467           6  0.258794110084046       0.295298435680568     
  0.743784742178395       0.688610789063387       0.791249719816260     
  0.827923318646383     
         468           6  0.403061389777018      -0.177171617791057     
  0.966063317238353       8.877144055627295E-002 -0.150166340176016     
  0.586855353543535     
         469           6  0.899473850308359      -0.813186034465209     
 -0.577437918967567      -0.307281070153229      -0.244728269958869     
  0.848285945102107     
         470           6  0.832831736949226       0.346787618352100     
 -0.420802466884255      -0.877150784550235      -0.375258813467808     
  0.806750948243309     
         471           6  0.806071913921740       0.420144522064365     
 -0.830428550173528      -0.471741318842396      -0.189042704951949     
  0.765803872297984     
         472           6  0.241710879132431      -0.719627189637162     
  0.451957364203408       0.875347293049097       0.699539678849280     
  0.223070096150041     
         473           6  0.736496228483692      -0.491268786863424     
  0.828683090536855       0.744522534961812       1.262553093489260E-002
  0.285288937958423     
         474           6  0.349541297878139      -0.426354493302293     
 -0.493629943366163       0.999142795714550       0.630417619162239     
  0.809210194159765     
         475           6  0.896048605090380       0.497303723365068     
 -0.591561328905635      -0.351300352296792       0.531427651398815     
  0.903992151989136     
         476           6  0.213040666434728       0.365754883081652     
  0.549766713912599       0.405649566331878      -0.302562894638628     
  0.377325082712807     
         477           6  0.451631317362096      -0.587913010973483     
 -0.431100588933565      -0.603380462670699      -0.313896179540083     
  0.894827025354374     
         478           6  0.164001515143318       0.633867075529881     
  0.824846872079186       0.606958006959409       0.961257686212659     
  0.662509529848583     
         479           6  0.478928487731889       0.158629413363524     
  0.253302420599386      -1.030741036497063E-002  0.940797592384741     
  0.752839546601754     
         480           6  0.447966218874836       0.246285244104453     
 -0.271578313529491       0.937644613198005      -0.856238683439791     
  4.032233745418489E-002
         481           6  0.337123724777484      -0.296241669353098     
  0.913174976634793       0.656848017051816      -0.121265569248237     
  0.126981534642633     
         482           6  0.465986942332052      -0.527324348703027     
 -5.911757020745423E-002  0.909218965896405       0.604185418144800     
  0.785318535245489     
         483           6  0.359832909746002       0.328829027852044     
 -0.641159365013242      -5.837142028752706E-002 -0.486376585382968     
  0.141101334443782     
         484           6  0.133576425775094       0.104630216491409     
 -0.129166810045950      -9.883326740097254E-002 -3.369458937086178E-003
  0.466128800751641     
         485           6  0.139406218707655       0.225654846530408     
  0.541626661204733      -0.682986377056688      -0.843517998633906     
  5.113827025191859E-002
         486           6  0.772875697157346       0.881475141180679     
 -0.874318570854142      -0.893967392374761       0.847000838175416     
  0.547127262495924     
         487           6  0.289689769424265      -0.487600502457470     
 -0.121736432557926       0.411970586786978      -0.296827552632429     
  0.828668522527441     
         488           6  0.986611121199559       0.357109742497094     
  0.513610325184651       0.192165371649899      -0.394324079159647     
  0.837277804938611     
         489           6  0.663137944411160       0.884228489075787     
  0.469209163418971       0.372879748193547       0.130462113373913     
  6.357491051638499E-002
         490           6  0.298270330295851       0.353527037916705     
  0.378842667249963       0.860436364605092      -0.989108916904777     
  0.342162140269298     
         491           6  0.510436937490338       0.590492801997811     
  0.889088552005589      -0.159979517543688      -0.923457579415291     
  0.865906705819070     
         492           6  0.168111854656273      -0.309975712612271     
  0.640164642814547      -0.857379265852273       0.374426157299429     
  0.242772840420716     
         493           6  0.864212758170580      -2.085220703855195E-003
  0.731504566305317       0.833554306947626      -0.525442127300426     
  0.558229284939822     
         494           6  0.908960386692779       0.641685143970885     
 -0.107027990170754       2.467624710872807E-003 -0.674399988646619     
  0.168876754630357     
         495           6  0.281844303083559       7.061501708347362E-002
 -5.161443159449841E-002  0.593186224511825       0.616782681912184     
  2.909063328942284E-002
         496           6  0.705521261876496      -0.165895015535876     
  0.720611912224442       0.674486423211172      -0.685208056683652     
  0.149908411639277     
         497           6  0.332380939725088      -0.439651125161909     
 -0.993472972657532      -0.323310020443052      -0.883040229892358     
  0.514484962482471     
         498           6  0.700137926989281       0.568168912922963     
 -0.127543110640720      -0.372703328364529      -0.227464703678153     
  0.923356934342999     
         499           6  0.295497088585142       0.280866953001358     
  0.531033539599739       0.979007119238377       5.856082189362510E-002
  0.440183705882635     
         500           6  0.679639076155145       0.958520505813882     
  0.391552074074745      -0.459028281668201      -0.177060974761844     
  0.597982060181908     
